// Jest Snapshot v1, https://goo.gl/fbAQLP

exports[`TodoForm should go to list 1`] = `
<div>
  todo list
</div>
`;

exports[`TodoForm should render 1`] = `
<View
  style={
    Object {
      "flex": 1,
      "justifyContent": "flex-start",
      "paddingBottom": 20,
    }
  }
>
  <View
    onLayout={[Function]}
    style={
      Array [
        Object {
          "flex": 1,
          "paddingHorizontal": 20,
        },
        Object {
          "paddingBottom": 0,
        },
      ]
    }
  >
    <View
      style={
        Object {
          "flex": 1,
          "justifyContent": "space-between",
        }
      }
    >
      <View>
        <Text
          style={
            Object {
              "color": "#1745D5",
              "fontSize": 23,
              "fontWeight": "600",
              "marginBottom": 8,
              "marginTop": 16,
              "textAlign": "left",
            }
          }
        >
          Create a Todo
        </Text>
        <View
          style={
            Object {
              "marginBottom": 32,
            }
          }
        >
          <Text
            style={
              Object {
                "color": "#9FA7BC",
                "fontSize": 13,
                "fontWeight": "600",
                "marginBottom": 10,
              }
            }
          >
            title
          </Text>
          <TextInput
            allowFontScaling={true}
            onChangeText={[Function]}
            placeholder="Enter your title..."
            placeholderTextColor="#D5DEF1"
            rejectResponderTermination={true}
            style={
              Object {
                "borderColor": "#D5DEF1",
                "borderRadius": 4,
                "borderWidth": 1,
                "color": "#646565",
                "fontSize": 15,
                "fontWeight": "400",
                "padding": 16,
              }
            }
            testID="title-input"
            underlineColorAndroid="rgba(0, 0, 0, 0)"
            value=""
          />
        </View>
        <View
          style={
            Object {
              "marginBottom": 32,
            }
          }
        >
          <Text
            style={
              Object {
                "color": "#9FA7BC",
                "fontSize": 13,
                "fontWeight": "600",
                "marginBottom": 10,
              }
            }
          >
            description
          </Text>
          <TextInput
            allowFontScaling={true}
            onChangeText={[Function]}
            placeholder="Enter your description..."
            placeholderTextColor="#D5DEF1"
            rejectResponderTermination={true}
            style={
              Object {
                "borderColor": "#D5DEF1",
                "borderRadius": 4,
                "borderWidth": 1,
                "color": "#646565",
                "fontSize": 15,
                "fontWeight": "400",
                "padding": 16,
              }
            }
            testID="description-input"
            underlineColorAndroid="rgba(0, 0, 0, 0)"
            value=""
          />
        </View>
      </View>
      <View>
        <View
          style={
            Object {
              "borderRadius": 3,
            }
          }
        >
          <View
            accessible={true}
            clickable={true}
            isTVSelectable={true}
            onClick={[Function]}
            onResponderGrant={[Function]}
            onResponderMove={[Function]}
            onResponderRelease={[Function]}
            onResponderTerminate={[Function]}
            onResponderTerminationRequest={[Function]}
            onStartShouldSetResponder={[Function]}
            style={
              Object {
                "opacity": 1,
              }
            }
            testID="create-button"
          >
            <View
              style={
                Object {
                  "alignItems": "center",
                  "backgroundColor": "hsl(208, 8%, 90%)",
                  "borderColor": "#2089dc",
                  "borderRadius": 3,
                  "borderWidth": 0,
                  "flexDirection": "row",
                  "justifyContent": "center",
                  "padding": 8,
                }
              }
            >
              <Text
                style={
                  Object {
                    "color": Object {
                      "color": Array [
                        208,
                        8,
                        63,
                      ],
                      "model": "hsl",
                      "valpha": 1,
                    },
                    "fontSize": 18,
                    "paddingBottom": 1,
                    "paddingTop": 2,
                    "textAlign": "center",
                  }
                }
              >
                Create Todo
              </Text>
            </View>
          </View>
        </View>
        <View
          style={
            Object {
              "borderRadius": 3,
            }
          }
        >
          <View
            accessible={true}
            clickable={true}
            isTVSelectable={true}
            onClick={[Function]}
            onResponderGrant={[Function]}
            onResponderMove={[Function]}
            onResponderRelease={[Function]}
            onResponderTerminate={[Function]}
            onResponderTerminationRequest={[Function]}
            onStartShouldSetResponder={[Function]}
            style={
              Object {
                "opacity": 1,
              }
            }
            testID="go-to-list-button"
          >
            <View
              style={
                Object {
                  "alignItems": "center",
                  "backgroundColor": "transparent",
                  "borderColor": "#2089dc",
                  "borderRadius": 3,
                  "borderWidth": 0,
                  "flexDirection": "row",
                  "justifyContent": "center",
                  "marginTop": 15,
                  "padding": 8,
                }
              }
            >
              <Text
                style={
                  Object {
                    "color": "#2089dc",
                    "fontSize": 18,
                    "paddingBottom": 1,
                    "paddingTop": 2,
                    "textAlign": "center",
                  }
                }
              >
                Go to List
              </Text>
            </View>
          </View>
        </View>
      </View>
    </View>
  </View>
</View>
`;
